{
  "version": "1.5.0",
  "plugins_used": [
    {
      "name": "ArtifactoryDetector"
    },
    {
      "name": "AWSKeyDetector"
    },
    {
      "name": "AzureStorageKeyDetector"
    },
    {
      "name": "Base64HighEntropyString",
      "limit": 4.5
    },
    {
      "name": "BasicAuthDetector"
    },
    {
      "name": "CloudantDetector"
    },
    {
      "name": "DiscordBotTokenDetector"
    },
    {
      "name": "GitHubTokenDetector"
    },
    {
      "name": "HexHighEntropyString",
      "limit": 3.0
    },
    {
      "name": "IbmCloudIamDetector"
    },
    {
      "name": "IbmCosHmacDetector"
    },
    {
      "name": "IPPublicDetector"
    },
    {
      "name": "JwtTokenDetector"
    },
    {
      "name": "KeywordDetector",
      "keyword_exclude": ""
    },
    {
      "name": "MailchimpDetector"
    },
    {
      "name": "NpmDetector"
    },
    {
      "name": "OpenAIDetector"
    },
    {
      "name": "PrivateKeyDetector"
    },
    {
      "name": "PypiTokenDetector"
    },
    {
      "name": "SendGridDetector"
    },
    {
      "name": "SlackDetector"
    },
    {
      "name": "SoftlayerDetector"
    },
    {
      "name": "SquareOAuthDetector"
    },
    {
      "name": "StripeDetector"
    },
    {
      "name": "TelegramBotTokenDetector"
    },
    {
      "name": "TwilioKeyDetector"
    }
  ],
  "filters_used": [
    {
      "path": "detect_secrets.filters.allowlist.is_line_allowlisted"
    },
    {
      "path": "detect_secrets.filters.common.is_baseline_file",
      "filename": ".secrets.baseline"
    },
    {
      "path": "detect_secrets.filters.common.is_ignored_due_to_verification_policies",
      "min_level": 2
    },
    {
      "path": "detect_secrets.filters.heuristic.is_indirect_reference"
    },
    {
      "path": "detect_secrets.filters.heuristic.is_likely_id_string"
    },
    {
      "path": "detect_secrets.filters.heuristic.is_lock_file"
    },
    {
      "path": "detect_secrets.filters.heuristic.is_not_alphanumeric_string"
    },
    {
      "path": "detect_secrets.filters.heuristic.is_potential_uuid"
    },
    {
      "path": "detect_secrets.filters.heuristic.is_prefixed_with_dollar_sign"
    },
    {
      "path": "detect_secrets.filters.heuristic.is_sequential_string"
    },
    {
      "path": "detect_secrets.filters.heuristic.is_swagger_file"
    },
    {
      "path": "detect_secrets.filters.heuristic.is_templated_secret"
    },
    {
      "path": "detect_secrets.filters.regex.should_exclude_file",
      "pattern": [
        "\\.secrets\\.baseline|\\.git/.*|venv/.*|\\.venv/.*|__pycache__/.*"
      ]
    }
  ],
  "results": {
    ".github/workflows/ci-cd.yml": [
      {
        "type": "Secret Keyword",
        "filename": ".github/workflows/ci-cd.yml",
        "hashed_secret": "9fb7fe1217aed442b04c0f5e43b5d5a7d3287097",
        "is_verified": false,
        "line_number": 70
      }
    ],
    ".github/workflows/test.yml": [
      {
        "type": "Secret Keyword",
        "filename": ".github/workflows/test.yml",
        "hashed_secret": "c94d65f02a652d11c2e5c2e1ccf38dce5a076e1e",
        "is_verified": false,
        "line_number": 69
      },
      {
        "type": "Secret Keyword",
        "filename": ".github/workflows/test.yml",
        "hashed_secret": "72cb70dbbafe97e5ea13ad88acd65d08389439b0",
        "is_verified": false,
        "line_number": 72
      },
      {
        "type": "Secret Keyword",
        "filename": ".github/workflows/test.yml",
        "hashed_secret": "0ee9e20b90c76e6bd251700c6859fc4a172777ee",
        "is_verified": false,
        "line_number": 97
      },
      {
        "type": "Secret Keyword",
        "filename": ".github/workflows/test.yml",
        "hashed_secret": "cd55f76cc19db1f5ade150ee7bae3affabcf0a00",
        "is_verified": false,
        "line_number": 98
      }
    ],
    "CLAUDE_DESKTOP_NEXT_STEPS.md": [
      {
        "type": "Secret Keyword",
        "filename": "CLAUDE_DESKTOP_NEXT_STEPS.md",
        "hashed_secret": "45d676e7c6ab44cf4b8fa366ef2d8fccd3e6d6e6",
        "is_verified": false,
        "line_number": 129
      },
      {
        "type": "Secret Keyword",
        "filename": "CLAUDE_DESKTOP_NEXT_STEPS.md",
        "hashed_secret": "29c32f233d04598b3181c0e27ea0ec7a5c949297",
        "is_verified": false,
        "line_number": 132
      }
    ],
    "DEPLOYMENT.md": [
      {
        "type": "Secret Keyword",
        "filename": "DEPLOYMENT.md",
        "hashed_secret": "33f220dd67f717cc949db63e21c90e130a6137da",
        "is_verified": false,
        "line_number": 165
      }
    ],
    "GOOGLE_CLAUDE_IMPLEMENTATION_COMPLETE.md": [
      {
        "type": "Secret Keyword",
        "filename": "GOOGLE_CLAUDE_IMPLEMENTATION_COMPLETE.md",
        "hashed_secret": "8f57d912025d50086b5eb028734553db137c0575",
        "is_verified": false,
        "line_number": 179
      },
      {
        "type": "Secret Keyword",
        "filename": "GOOGLE_CLAUDE_IMPLEMENTATION_COMPLETE.md",
        "hashed_secret": "bf50eca31da476b2b3c6453d207885b562ccc1be",
        "is_verified": false,
        "line_number": 180
      },
      {
        "type": "Secret Keyword",
        "filename": "GOOGLE_CLAUDE_IMPLEMENTATION_COMPLETE.md",
        "hashed_secret": "d82e4f2c41e676b1b941b0d00ced2f31a319e4c0",
        "is_verified": false,
        "line_number": 240
      },
      {
        "type": "Secret Keyword",
        "filename": "GOOGLE_CLAUDE_IMPLEMENTATION_COMPLETE.md",
        "hashed_secret": "681a2e4140339aa23755158d9c5d39654b3a14f7",
        "is_verified": false,
        "line_number": 243
      }
    ],
    "LAUNCH_READINESS_CHECKLIST.md": [
      {
        "type": "Secret Keyword",
        "filename": "LAUNCH_READINESS_CHECKLIST.md",
        "hashed_secret": "0b4209015cc5c40f2e5d55f0d00c9169d193c015",
        "is_verified": false,
        "line_number": 98
      },
      {
        "type": "Secret Keyword",
        "filename": "LAUNCH_READINESS_CHECKLIST.md",
        "hashed_secret": "8fbd264c15a56bdf4deb5e736dbd794e426501b6",
        "is_verified": false,
        "line_number": 99
      },
      {
        "type": "Secret Keyword",
        "filename": "LAUNCH_READINESS_CHECKLIST.md",
        "hashed_secret": "8e6c66eee56e13a84102f57ac92aa0330031574c",
        "is_verified": false,
        "line_number": 100
      },
      {
        "type": "Secret Keyword",
        "filename": "LAUNCH_READINESS_CHECKLIST.md",
        "hashed_secret": "1d3b1295c282649864a65fe3bd1631bcf7499ef5",
        "is_verified": false,
        "line_number": 101
      }
    ],
    "NICE_TO_HAVE_62-65_COMPLETE.md": [
      {
        "type": "Secret Keyword",
        "filename": "NICE_TO_HAVE_62-65_COMPLETE.md",
        "hashed_secret": "35675e68f4b5af7b995d9205ad0fc43842f16450",
        "is_verified": false,
        "line_number": 236
      }
    ],
    "OLLAMA_MCP_SETUP_GUIDE.md": [
      {
        "type": "Secret Keyword",
        "filename": "OLLAMA_MCP_SETUP_GUIDE.md",
        "hashed_secret": "8ed4322e8e2790b8c928d381ce8d07cfd966e909",
        "is_verified": false,
        "line_number": 107
      }
    ],
    "PLAN_EXECUTION_STATUS.md": [
      {
        "type": "Secret Keyword",
        "filename": "PLAN_EXECUTION_STATUS.md",
        "hashed_secret": "83b4b9b45976418c5fbfe7978fb7ed6ed703306f",
        "is_verified": false,
        "line_number": 31
      },
      {
        "type": "Secret Keyword",
        "filename": "PLAN_EXECUTION_STATUS.md",
        "hashed_secret": "8fbd264c15a56bdf4deb5e736dbd794e426501b6",
        "is_verified": false,
        "line_number": 36
      },
      {
        "type": "Secret Keyword",
        "filename": "PLAN_EXECUTION_STATUS.md",
        "hashed_secret": "e9b873ad5aecb98c642da9ad00e5c485b7c5fce5",
        "is_verified": false,
        "line_number": 41
      },
      {
        "type": "Secret Keyword",
        "filename": "PLAN_EXECUTION_STATUS.md",
        "hashed_secret": "812b383fa1eba2e44aed410c42bd23b9dbcdd943",
        "is_verified": false,
        "line_number": 46
      }
    ],
    "QUICK_START_3_BOOKS.md": [
      {
        "type": "Secret Keyword",
        "filename": "QUICK_START_3_BOOKS.md",
        "hashed_secret": "0b4209015cc5c40f2e5d55f0d00c9169d193c015",
        "is_verified": false,
        "line_number": 17
      },
      {
        "type": "Secret Keyword",
        "filename": "QUICK_START_3_BOOKS.md",
        "hashed_secret": "8fbd264c15a56bdf4deb5e736dbd794e426501b6",
        "is_verified": false,
        "line_number": 18
      },
      {
        "type": "Secret Keyword",
        "filename": "QUICK_START_3_BOOKS.md",
        "hashed_secret": "e9b873ad5aecb98c642da9ad00e5c485b7c5fce5",
        "is_verified": false,
        "line_number": 19
      },
      {
        "type": "Secret Keyword",
        "filename": "QUICK_START_3_BOOKS.md",
        "hashed_secret": "812b383fa1eba2e44aed410c42bd23b9dbcdd943",
        "is_verified": false,
        "line_number": 20
      }
    ],
    "QUICK_START_OLLAMA.md": [
      {
        "type": "Secret Keyword",
        "filename": "QUICK_START_OLLAMA.md",
        "hashed_secret": "8ed4322e8e2790b8c928d381ce8d07cfd966e909",
        "is_verified": false,
        "line_number": 22
      }
    ],
    "SELF_HEALING_WORKFLOW_COMPLETE.md": [
      {
        "type": "Secret Keyword",
        "filename": "SELF_HEALING_WORKFLOW_COMPLETE.md",
        "hashed_secret": "a3e14ca24483c78554c083bc907c7194c7846ef1",
        "is_verified": false,
        "line_number": 115
      }
    ],
    "analysis_results/test_3_books/TEST_REPORT.md": [
      {
        "type": "Secret Keyword",
        "filename": "analysis_results/test_3_books/TEST_REPORT.md",
        "hashed_secret": "b647c132e01f0b23c150ac63f694bdb7cb3bdc1d",
        "is_verified": false,
        "line_number": 99
      },
      {
        "type": "Secret Keyword",
        "filename": "analysis_results/test_3_books/TEST_REPORT.md",
        "hashed_secret": "7268ceb21349281e7e64a1c51ca1c49a3e53d716",
        "is_verified": false,
        "line_number": 100
      },
      {
        "type": "Secret Keyword",
        "filename": "analysis_results/test_3_books/TEST_REPORT.md",
        "hashed_secret": "f5bedd040b4f69dfe7e68037085ed0d8cc873b52",
        "is_verified": false,
        "line_number": 101
      },
      {
        "type": "Secret Keyword",
        "filename": "analysis_results/test_3_books/TEST_REPORT.md",
        "hashed_secret": "5d716fdba5a879a98980106d2e1f4695115fcd69",
        "is_verified": false,
        "line_number": 102
      }
    ],
    "claude_desktop_config_READY.json": [
      {
        "type": "Secret Keyword",
        "filename": "claude_desktop_config_READY.json",
        "hashed_secret": "ec5634bc1fdd95339c48a949e58bddf05d289d47",
        "is_verified": false,
        "line_number": 13
      },
      {
        "type": "Secret Keyword",
        "filename": "claude_desktop_config_READY.json",
        "hashed_secret": "8fbd264c15a56bdf4deb5e736dbd794e426501b6",
        "is_verified": false,
        "line_number": 16
      },
      {
        "type": "Secret Keyword",
        "filename": "claude_desktop_config_READY.json",
        "hashed_secret": "8e6c66eee56e13a84102f57ac92aa0330031574c",
        "is_verified": false,
        "line_number": 17
      }
    ],
    "config/four_model_config.json": [
      {
        "type": "Secret Keyword",
        "filename": "config/four_model_config.json",
        "hashed_secret": "1db4aba2bc9d400d5e75f5473ff811cd819a436d",
        "is_verified": false,
        "line_number": 5
      },
      {
        "type": "Secret Keyword",
        "filename": "config/four_model_config.json",
        "hashed_secret": "4835254aab9494e03d8b72e816719a4914612587",
        "is_verified": false,
        "line_number": 16
      },
      {
        "type": "Secret Keyword",
        "filename": "config/four_model_config.json",
        "hashed_secret": "f8ca0d7266886f4b5be9adddc9b66017b3bf1a4b",
        "is_verified": false,
        "line_number": 27
      },
      {
        "type": "Secret Keyword",
        "filename": "config/four_model_config.json",
        "hashed_secret": "02ecb94373bfb3dfe827ca18409f50b016e8302a",
        "is_verified": false,
        "line_number": 38
      }
    ],
    "config/google_claude_config.json": [
      {
        "type": "Secret Keyword",
        "filename": "config/google_claude_config.json",
        "hashed_secret": "1db4aba2bc9d400d5e75f5473ff811cd819a436d",
        "is_verified": false,
        "line_number": 10
      },
      {
        "type": "Secret Keyword",
        "filename": "config/google_claude_config.json",
        "hashed_secret": "f8ca0d7266886f4b5be9adddc9b66017b3bf1a4b",
        "is_verified": false,
        "line_number": 27
      }
    ],
    "docs/API_DOCUMENTATION.md": [
      {
        "type": "Secret Keyword",
        "filename": "docs/API_DOCUMENTATION.md",
        "hashed_secret": "53b8c73589554d948aa217f74a12a05092d0a906",
        "is_verified": false,
        "line_number": 221
      },
      {
        "type": "Base64 High Entropy String",
        "filename": "docs/API_DOCUMENTATION.md",
        "hashed_secret": "d3748f1dfff205711a119e369573f55906dff955",
        "is_verified": false,
        "line_number": 693
      },
      {
        "type": "Slack Token",
        "filename": "docs/API_DOCUMENTATION.md",
        "hashed_secret": "bcb81d664a7ea5128a31dc56a5c8fde551b2e744",
        "is_verified": false,
        "line_number": 698
      }
    ],
    "docs/SECRETS_MANAGEMENT_GUIDE.md": [
      {
        "type": "Base64 High Entropy String",
        "filename": "docs/SECRETS_MANAGEMENT_GUIDE.md",
        "hashed_secret": "d3748f1dfff205711a119e369573f55906dff955",
        "is_verified": false,
        "line_number": 741
      }
    ],
    "docs/TROUBLESHOOTING_GUIDE.md": [
      {
        "type": "Base64 High Entropy String",
        "filename": "docs/TROUBLESHOOTING_GUIDE.md",
        "hashed_secret": "d3748f1dfff205711a119e369573f55906dff955",
        "is_verified": false,
        "line_number": 169
      },
      {
        "type": "Base64 High Entropy String",
        "filename": "docs/TROUBLESHOOTING_GUIDE.md",
        "hashed_secret": "96c6b28b406a665d2a69b3f34c9ab0fc82edec8c",
        "is_verified": false,
        "line_number": 172
      },
      {
        "type": "Secret Keyword",
        "filename": "docs/TROUBLESHOOTING_GUIDE.md",
        "hashed_secret": "00942f4668670f34c5943cf52c7ef3139fe2b8d6",
        "is_verified": false,
        "line_number": 349
      },
      {
        "type": "Secret Keyword",
        "filename": "docs/TROUBLESHOOTING_GUIDE.md",
        "hashed_secret": "d3748f1dfff205711a119e369573f55906dff955",
        "is_verified": false,
        "line_number": 534
      }
    ],
    "docs/deployment/SECRETS_MIGRATION_CHECKLIST.md": [
      {
        "type": "Secret Keyword",
        "filename": "docs/deployment/SECRETS_MIGRATION_CHECKLIST.md",
        "hashed_secret": "4735041f3688940e949863f3f1d9ce5eecc777df",
        "is_verified": false,
        "line_number": 11
      },
      {
        "type": "Secret Keyword",
        "filename": "docs/deployment/SECRETS_MIGRATION_CHECKLIST.md",
        "hashed_secret": "55e5a4f876a2bc46eb7fad312058453acd7cd400",
        "is_verified": false,
        "line_number": 12
      },
      {
        "type": "Secret Keyword",
        "filename": "docs/deployment/SECRETS_MIGRATION_CHECKLIST.md",
        "hashed_secret": "bbfafb352d93e409052c73d3d9c34cda4a73cdc7",
        "is_verified": false,
        "line_number": 13
      },
      {
        "type": "Secret Keyword",
        "filename": "docs/deployment/SECRETS_MIGRATION_CHECKLIST.md",
        "hashed_secret": "70e2093e73cf35fff49630288cd55a02873f9538",
        "is_verified": false,
        "line_number": 21
      },
      {
        "type": "Secret Keyword",
        "filename": "docs/deployment/SECRETS_MIGRATION_CHECKLIST.md",
        "hashed_secret": "68b42a4969f642fbc96a9d893aa9357afab90d0c",
        "is_verified": false,
        "line_number": 24
      },
      {
        "type": "Secret Keyword",
        "filename": "docs/deployment/SECRETS_MIGRATION_CHECKLIST.md",
        "hashed_secret": "6d6e9b61a5b4fc2073fd5335a23e2b92c2883658",
        "is_verified": false,
        "line_number": 25
      },
      {
        "type": "Base64 High Entropy String",
        "filename": "docs/deployment/SECRETS_MIGRATION_CHECKLIST.md",
        "hashed_secret": "3f623403512dccd612f54bbd1751d94302c56e94",
        "is_verified": false,
        "line_number": 64
      }
    ],
    "docs/enhancements/MCP_ENHANCEMENTS.md": [
      {
        "type": "Secret Keyword",
        "filename": "docs/enhancements/MCP_ENHANCEMENTS.md",
        "hashed_secret": "45d676e7c6ab44cf4b8fa366ef2d8fccd3e6d6e6",
        "is_verified": false,
        "line_number": 205
      }
    ],
    "docs/guides/CLAUDE_DESKTOP_QUICKSTART.md": [
      {
        "type": "Secret Keyword",
        "filename": "docs/guides/CLAUDE_DESKTOP_QUICKSTART.md",
        "hashed_secret": "45d676e7c6ab44cf4b8fa366ef2d8fccd3e6d6e6",
        "is_verified": false,
        "line_number": 55
      }
    ],
    "docs/guides/CLAUDE_DESKTOP_SETUP.md": [
      {
        "type": "Secret Keyword",
        "filename": "docs/guides/CLAUDE_DESKTOP_SETUP.md",
        "hashed_secret": "45d676e7c6ab44cf4b8fa366ef2d8fccd3e6d6e6",
        "is_verified": false,
        "line_number": 61
      },
      {
        "type": "Secret Keyword",
        "filename": "docs/guides/CLAUDE_DESKTOP_SETUP.md",
        "hashed_secret": "7268ceb21349281e7e64a1c51ca1c49a3e53d716",
        "is_verified": false,
        "line_number": 64
      },
      {
        "type": "Secret Keyword",
        "filename": "docs/guides/CLAUDE_DESKTOP_SETUP.md",
        "hashed_secret": "a7979904021cdb66cf919115ca138702b6839e10",
        "is_verified": false,
        "line_number": 65
      }
    ],
    "docs/guides/CLAUDE_DESKTOP_TESTING_GUIDE.md": [
      {
        "type": "Secret Keyword",
        "filename": "docs/guides/CLAUDE_DESKTOP_TESTING_GUIDE.md",
        "hashed_secret": "45d676e7c6ab44cf4b8fa366ef2d8fccd3e6d6e6",
        "is_verified": false,
        "line_number": 47
      },
      {
        "type": "Secret Keyword",
        "filename": "docs/guides/CLAUDE_DESKTOP_TESTING_GUIDE.md",
        "hashed_secret": "29c32f233d04598b3181c0e27ea0ec7a5c949297",
        "is_verified": false,
        "line_number": 50
      }
    ],
    "docs/guides/OVERNIGHT_TEST_SUITE_README.md": [
      {
        "type": "Secret Keyword",
        "filename": "docs/guides/OVERNIGHT_TEST_SUITE_README.md",
        "hashed_secret": "45d676e7c6ab44cf4b8fa366ef2d8fccd3e6d6e6",
        "is_verified": false,
        "line_number": 55
      }
    ],
    "docs/guides/PRODUCTION_DEPLOYMENT_GUIDE.md": [
      {
        "type": "Secret Keyword",
        "filename": "docs/guides/PRODUCTION_DEPLOYMENT_GUIDE.md",
        "hashed_secret": "45d676e7c6ab44cf4b8fa366ef2d8fccd3e6d6e6",
        "is_verified": false,
        "line_number": 97
      },
      {
        "type": "Secret Keyword",
        "filename": "docs/guides/PRODUCTION_DEPLOYMENT_GUIDE.md",
        "hashed_secret": "29c32f233d04598b3181c0e27ea0ec7a5c949297",
        "is_verified": false,
        "line_number": 100
      },
      {
        "type": "Secret Keyword",
        "filename": "docs/guides/PRODUCTION_DEPLOYMENT_GUIDE.md",
        "hashed_secret": "7268ceb21349281e7e64a1c51ca1c49a3e53d716",
        "is_verified": false,
        "line_number": 101
      },
      {
        "type": "Secret Keyword",
        "filename": "docs/guides/PRODUCTION_DEPLOYMENT_GUIDE.md",
        "hashed_secret": "a7979904021cdb66cf919115ca138702b6839e10",
        "is_verified": false,
        "line_number": 102
      }
    ],
    "docs/guides/QUICK_REFERENCE.md": [
      {
        "type": "Secret Keyword",
        "filename": "docs/guides/QUICK_REFERENCE.md",
        "hashed_secret": "45d676e7c6ab44cf4b8fa366ef2d8fccd3e6d6e6",
        "is_verified": false,
        "line_number": 185
      }
    ],
    "docs/guides/QUICK_WINS_CLAUDE_DESKTOP_TEST_PLAN.md": [
      {
        "type": "Secret Keyword",
        "filename": "docs/guides/QUICK_WINS_CLAUDE_DESKTOP_TEST_PLAN.md",
        "hashed_secret": "45d676e7c6ab44cf4b8fa366ef2d8fccd3e6d6e6",
        "is_verified": false,
        "line_number": 37
      },
      {
        "type": "Secret Keyword",
        "filename": "docs/guides/QUICK_WINS_CLAUDE_DESKTOP_TEST_PLAN.md",
        "hashed_secret": "29c32f233d04598b3181c0e27ea0ec7a5c949297",
        "is_verified": false,
        "line_number": 40
      }
    ],
    "docs/guides/QUICK_WINS_TEST_REFERENCE.md": [
      {
        "type": "Secret Keyword",
        "filename": "docs/guides/QUICK_WINS_TEST_REFERENCE.md",
        "hashed_secret": "45d676e7c6ab44cf4b8fa366ef2d8fccd3e6d6e6",
        "is_verified": false,
        "line_number": 284
      }
    ],
    "docs/guides/START_HERE_CLAUDE_DESKTOP_TESTING.md": [
      {
        "type": "Secret Keyword",
        "filename": "docs/guides/START_HERE_CLAUDE_DESKTOP_TESTING.md",
        "hashed_secret": "45d676e7c6ab44cf4b8fa366ef2d8fccd3e6d6e6",
        "is_verified": false,
        "line_number": 72
      },
      {
        "type": "Secret Keyword",
        "filename": "docs/guides/START_HERE_CLAUDE_DESKTOP_TESTING.md",
        "hashed_secret": "29c32f233d04598b3181c0e27ea0ec7a5c949297",
        "is_verified": false,
        "line_number": 75
      }
    ],
    "docs/planning/MCP_MULTI_MODEL_PROJECT_PLAN.md": [
      {
        "type": "Secret Keyword",
        "filename": "docs/planning/MCP_MULTI_MODEL_PROJECT_PLAN.md",
        "hashed_secret": "f8ca0d7266886f4b5be9adddc9b66017b3bf1a4b",
        "is_verified": false,
        "line_number": 977
      },
      {
        "type": "Secret Keyword",
        "filename": "docs/planning/MCP_MULTI_MODEL_PROJECT_PLAN.md",
        "hashed_secret": "02ecb94373bfb3dfe827ca18409f50b016e8302a",
        "is_verified": false,
        "line_number": 984
      },
      {
        "type": "Secret Keyword",
        "filename": "docs/planning/MCP_MULTI_MODEL_PROJECT_PLAN.md",
        "hashed_secret": "1db4aba2bc9d400d5e75f5473ff811cd819a436d",
        "is_verified": false,
        "line_number": 991
      }
    ],
    "docs/plans/detailed/NBA_MCP_IMPROVEMENT_PLAN.md": [
      {
        "type": "Basic Auth Credentials",
        "filename": "docs/plans/detailed/NBA_MCP_IMPROVEMENT_PLAN.md",
        "hashed_secret": "9d4e1e23bd5b727046a9e3b4b7db57bd8d6ee684",
        "is_verified": false,
        "line_number": 2507
      }
    ],
    "docs/quickstart_4a9662cf_quickstart.md": [
      {
        "type": "Secret Keyword",
        "filename": "docs/quickstart_4a9662cf_quickstart.md",
        "hashed_secret": "89a6cfe2a229151e8055abee107d45ed087bbb4f",
        "is_verified": false,
        "line_number": 75
      }
    ],
    "docs/quickstart_6e784532_quickstart.md": [
      {
        "type": "Secret Keyword",
        "filename": "docs/quickstart_6e784532_quickstart.md",
        "hashed_secret": "89a6cfe2a229151e8055abee107d45ed087bbb4f",
        "is_verified": false,
        "line_number": 75
      }
    ],
    "docs/quickstart_9386f29f_quickstart.md": [
      {
        "type": "Secret Keyword",
        "filename": "docs/quickstart_9386f29f_quickstart.md",
        "hashed_secret": "89a6cfe2a229151e8055abee107d45ed087bbb4f",
        "is_verified": false,
        "line_number": 75
      }
    ],
    "docs/quickstart_a4f7b52e_quickstart.md": [
      {
        "type": "Secret Keyword",
        "filename": "docs/quickstart_a4f7b52e_quickstart.md",
        "hashed_secret": "89a6cfe2a229151e8055abee107d45ed087bbb4f",
        "is_verified": false,
        "line_number": 75
      }
    ],
    "infrastructure/helm/prometheus-values.yaml": [
      {
        "type": "Secret Keyword",
        "filename": "infrastructure/helm/prometheus-values.yaml",
        "hashed_secret": "f865b53623b121fd34ee5426c792e5c33af8c227",
        "is_verified": false,
        "line_number": 45
      },
      {
        "type": "Secret Keyword",
        "filename": "infrastructure/helm/prometheus-values.yaml",
        "hashed_secret": "e2c4b4939ed13698eb306b3711a54829cd458816",
        "is_verified": false,
        "line_number": 132
      }
    ],
    "infrastructure/terraform/secrets.tfvars.example": [
      {
        "type": "Secret Keyword",
        "filename": "infrastructure/terraform/secrets.tfvars.example",
        "hashed_secret": "319882f779d47341bf8e75db79f800c94d45f29b",
        "is_verified": false,
        "line_number": 13
      },
      {
        "type": "Secret Keyword",
        "filename": "infrastructure/terraform/secrets.tfvars.example",
        "hashed_secret": "cd38f03ca40db1ea89d472497335a5f08fc1f18d",
        "is_verified": false,
        "line_number": 17
      },
      {
        "type": "Secret Keyword",
        "filename": "infrastructure/terraform/secrets.tfvars.example",
        "hashed_secret": "6149ed14ac0269befd09c6c5913a5d883327583a",
        "is_verified": false,
        "line_number": 21
      },
      {
        "type": "Secret Keyword",
        "filename": "infrastructure/terraform/secrets.tfvars.example",
        "hashed_secret": "8c48216644da4040c78b7da81bd50cfca611d627",
        "is_verified": false,
        "line_number": 25
      },
      {
        "type": "Secret Keyword",
        "filename": "infrastructure/terraform/secrets.tfvars.example",
        "hashed_secret": "bb7aa8ee340cb20467dd902d42974e3c551e7300",
        "is_verified": false,
        "line_number": 29
      },
      {
        "type": "Secret Keyword",
        "filename": "infrastructure/terraform/secrets.tfvars.example",
        "hashed_secret": "532ffa41de7bc2edecf87ecb07687bfa1a309c04",
        "is_verified": false,
        "line_number": 33
      },
      {
        "type": "Secret Keyword",
        "filename": "infrastructure/terraform/secrets.tfvars.example",
        "hashed_secret": "5c5612ad4451fa0b1043a84f78fe1d641ad47655",
        "is_verified": false,
        "line_number": 37
      },
      {
        "type": "Secret Keyword",
        "filename": "infrastructure/terraform/secrets.tfvars.example",
        "hashed_secret": "3ff02870a1f638177b73322e778679da35c4bd31",
        "is_verified": false,
        "line_number": 41
      },
      {
        "type": "Secret Keyword",
        "filename": "infrastructure/terraform/secrets.tfvars.example",
        "hashed_secret": "894386f5643d87f422ad5ff0a1a74f60f3101010",
        "is_verified": false,
        "line_number": 45
      },
      {
        "type": "Secret Keyword",
        "filename": "infrastructure/terraform/secrets.tfvars.example",
        "hashed_secret": "9aa9be0bc08940f271aa36cb8e7f4e2939d5c9ed",
        "is_verified": false,
        "line_number": 49
      },
      {
        "type": "Secret Keyword",
        "filename": "infrastructure/terraform/secrets.tfvars.example",
        "hashed_secret": "80fb2aa82c0a50a035aaad69241ff21c723ed368",
        "is_verified": false,
        "line_number": 53
      }
    ],
    "k8s/README.md": [
      {
        "type": "Secret Keyword",
        "filename": "k8s/README.md",
        "hashed_secret": "a403d4cf9bb8fe9c882d78bde91159cafe3b553e",
        "is_verified": false,
        "line_number": 160
      }
    ],
    "k8s/external-secrets.yaml": [
      {
        "type": "Secret Keyword",
        "filename": "k8s/external-secrets.yaml",
        "hashed_secret": "b93cdfdc09b37c1346426fd3645a8002abf48aeb",
        "is_verified": false,
        "line_number": 38
      },
      {
        "type": "Secret Keyword",
        "filename": "k8s/external-secrets.yaml",
        "hashed_secret": "f8d6bd2dc00a5256dfa12159e10e77411ba4fe89",
        "is_verified": false,
        "line_number": 41
      },
      {
        "type": "Secret Keyword",
        "filename": "k8s/external-secrets.yaml",
        "hashed_secret": "533ad2773207623113010e24a92f27455db67b47",
        "is_verified": false,
        "line_number": 44
      },
      {
        "type": "Secret Keyword",
        "filename": "k8s/external-secrets.yaml",
        "hashed_secret": "ea96a99bd97129a9d6b9632d65e629e42dc50b02",
        "is_verified": false,
        "line_number": 47
      },
      {
        "type": "Secret Keyword",
        "filename": "k8s/external-secrets.yaml",
        "hashed_secret": "05cc4800809e670ba634d4c53deb16f325969519",
        "is_verified": false,
        "line_number": 50
      },
      {
        "type": "Secret Keyword",
        "filename": "k8s/external-secrets.yaml",
        "hashed_secret": "b6cdcae07182ab0f86cf9c3b6409ec619d27fd84",
        "is_verified": false,
        "line_number": 53
      },
      {
        "type": "Secret Keyword",
        "filename": "k8s/external-secrets.yaml",
        "hashed_secret": "ef0c7524b8cde11356dd0ba0e98cb0af4f576077",
        "is_verified": false,
        "line_number": 56
      },
      {
        "type": "Secret Keyword",
        "filename": "k8s/external-secrets.yaml",
        "hashed_secret": "f79de17d5b8e73792fd66af8216132dde0fb6ea9",
        "is_verified": false,
        "line_number": 59
      },
      {
        "type": "Secret Keyword",
        "filename": "k8s/external-secrets.yaml",
        "hashed_secret": "c10c3965a408f2905a13a38fcdb93060704ac746",
        "is_verified": false,
        "line_number": 62
      },
      {
        "type": "Secret Keyword",
        "filename": "k8s/external-secrets.yaml",
        "hashed_secret": "46e908f375b82ce02ddfa20bb6d0999fdd107422",
        "is_verified": false,
        "line_number": 65
      },
      {
        "type": "Secret Keyword",
        "filename": "k8s/external-secrets.yaml",
        "hashed_secret": "a811e5031c7e87e2a2c4356d24f68313956ca7bc",
        "is_verified": false,
        "line_number": 68
      }
    ],
    "k8s/ingress.yaml": [
      {
        "type": "Secret Keyword",
        "filename": "k8s/ingress.yaml",
        "hashed_secret": "af17cb2eb1a8732adc45f65451f9647e2920ed72",
        "is_verified": false,
        "line_number": 25
      }
    ],
    "k8s/manage_k8s.sh": [
      {
        "type": "Secret Keyword",
        "filename": "k8s/manage_k8s.sh",
        "hashed_secret": "dcf3f537c7c1b8c052786b37975ebf1b55cd5f48",
        "is_verified": false,
        "line_number": 72
      },
      {
        "type": "Secret Keyword",
        "filename": "k8s/manage_k8s.sh",
        "hashed_secret": "e3352a5d44df4a36572f559e28ec224d53159c6c",
        "is_verified": false,
        "line_number": 83
      },
      {
        "type": "Secret Keyword",
        "filename": "k8s/manage_k8s.sh",
        "hashed_secret": "44407c1849c63a02fe660b4c601c17633e771d01",
        "is_verified": false,
        "line_number": 94
      }
    ],
    "k8s/secrets-test.yaml": [
      {
        "type": "Secret Keyword",
        "filename": "k8s/secrets-test.yaml",
        "hashed_secret": "fa4e95f3e1fe7239e330f9466154c1a85578e157",
        "is_verified": false,
        "line_number": 14
      },
      {
        "type": "Secret Keyword",
        "filename": "k8s/secrets-test.yaml",
        "hashed_secret": "83894df77e168ac15f8aa4ac329481e9cf16df3c",
        "is_verified": false,
        "line_number": 15
      },
      {
        "type": "Secret Keyword",
        "filename": "k8s/secrets-test.yaml",
        "hashed_secret": "8c9a6d26096abbdc5998d58bea335e37edb60b59",
        "is_verified": false,
        "line_number": 16
      },
      {
        "type": "Secret Keyword",
        "filename": "k8s/secrets-test.yaml",
        "hashed_secret": "23eac37f64484ba7a26efd5b02b75fc5dea5e532",
        "is_verified": false,
        "line_number": 17
      },
      {
        "type": "Secret Keyword",
        "filename": "k8s/secrets-test.yaml",
        "hashed_secret": "523cabdfedea7f7ece03a628b449ae80baf4de6c",
        "is_verified": false,
        "line_number": 18
      },
      {
        "type": "Secret Keyword",
        "filename": "k8s/secrets-test.yaml",
        "hashed_secret": "ebb23ceae9bb55de40ef908c3854f5d06804339d",
        "is_verified": false,
        "line_number": 21
      },
      {
        "type": "Secret Keyword",
        "filename": "k8s/secrets-test.yaml",
        "hashed_secret": "84716b0323e6a480ab17748c205631bcd11cb188",
        "is_verified": false,
        "line_number": 27
      },
      {
        "type": "Secret Keyword",
        "filename": "k8s/secrets-test.yaml",
        "hashed_secret": "587afbaa7fb26f0cabea0022891cf85b10747aaf",
        "is_verified": false,
        "line_number": 47
      },
      {
        "type": "Secret Keyword",
        "filename": "k8s/secrets-test.yaml",
        "hashed_secret": "f04ddcadb0260d46ad5d177087ed7eaa556c8a62",
        "is_verified": false,
        "line_number": 63
      }
    ],
    "mcp_server/api_gateway_integration.py": [
      {
        "type": "Secret Keyword",
        "filename": "mcp_server/api_gateway_integration.py",
        "hashed_secret": "665b1e3851eefefa3fb878654292f16597d25155",
        "is_verified": false,
        "line_number": 51
      }
    ],
    "mcp_server/config_manager.py": [
      {
        "type": "Secret Keyword",
        "filename": "mcp_server/config_manager.py",
        "hashed_secret": "21672328ab5c939c8a4324d118b264d9f34b0439",
        "is_verified": false,
        "line_number": 349
      },
      {
        "type": "Secret Keyword",
        "filename": "mcp_server/config_manager.py",
        "hashed_secret": "f1bb7852ec6d55f5c9701fa44dc2403395647e7f",
        "is_verified": false,
        "line_number": 360
      }
    ],
    "mcp_server/kubernetes_deployment.py": [
      {
        "type": "Secret Keyword",
        "filename": "mcp_server/kubernetes_deployment.py",
        "hashed_secret": "3bdb5e3bd30bdc23ae6f888668aa490fa958c30b",
        "is_verified": false,
        "line_number": 479
      },
      {
        "type": "Secret Keyword",
        "filename": "mcp_server/kubernetes_deployment.py",
        "hashed_secret": "11fa7c37d697f30e6aee828b4426a10f83ab2380",
        "is_verified": false,
        "line_number": 480
      },
      {
        "type": "Secret Keyword",
        "filename": "mcp_server/kubernetes_deployment.py",
        "hashed_secret": "36842c0e89997dd559a79194d847b3c31622b36f",
        "is_verified": false,
        "line_number": 481
      }
    ],
    "mcp_server/message_queue_integration.py": [
      {
        "type": "Secret Keyword",
        "filename": "mcp_server/message_queue_integration.py",
        "hashed_secret": "35675e68f4b5af7b995d9205ad0fc43842f16450",
        "is_verified": false,
        "line_number": 456
      }
    ],
    "mcp_server/secrets_metrics_dashboard.py": [
      {
        "type": "Secret Keyword",
        "filename": "mcp_server/secrets_metrics_dashboard.py",
        "hashed_secret": "a8a18b1819581e895cc4a421e9560943045d85ef",
        "is_verified": false,
        "line_number": 375
      }
    ],
    "mcp_server/security_scanner.py": [
      {
        "type": "Secret Keyword",
        "filename": "mcp_server/security_scanner.py",
        "hashed_secret": "f2b14f68eb995facb3a1c35287b778d5bd785511",
        "is_verified": false,
        "line_number": 234
      },
      {
        "type": "Secret Keyword",
        "filename": "mcp_server/security_scanner.py",
        "hashed_secret": "5baa61e4c9b93f3f0682250b6cf8331b7ee68fd8",
        "is_verified": false,
        "line_number": 235
      },
      {
        "type": "Secret Keyword",
        "filename": "mcp_server/security_scanner.py",
        "hashed_secret": "a0f4ea7d91495df92bbac2e2149dfb850fe81396",
        "is_verified": false,
        "line_number": 261
      }
    ],
    "mcp_server/tools/documentation_training.py": [
      {
        "type": "Secret Keyword",
        "filename": "mcp_server/tools/documentation_training.py",
        "hashed_secret": "89a6cfe2a229151e8055abee107d45ed087bbb4f",
        "is_verified": false,
        "line_number": 1383
      }
    ],
    "scripts/enforce_naming_convention.py": [
      {
        "type": "Secret Keyword",
        "filename": "scripts/enforce_naming_convention.py",
        "hashed_secret": "1db4aba2bc9d400d5e75f5473ff811cd819a436d",
        "is_verified": false,
        "line_number": 113
      },
      {
        "type": "Secret Keyword",
        "filename": "scripts/enforce_naming_convention.py",
        "hashed_secret": "f8ca0d7266886f4b5be9adddc9b66017b3bf1a4b",
        "is_verified": false,
        "line_number": 114
      },
      {
        "type": "Secret Keyword",
        "filename": "scripts/enforce_naming_convention.py",
        "hashed_secret": "02ecb94373bfb3dfe827ca18409f50b016e8302a",
        "is_verified": false,
        "line_number": 115
      },
      {
        "type": "Secret Keyword",
        "filename": "scripts/enforce_naming_convention.py",
        "hashed_secret": "4835254aab9494e03d8b72e816719a4914612587",
        "is_verified": false,
        "line_number": 116
      },
      {
        "type": "Secret Keyword",
        "filename": "scripts/enforce_naming_convention.py",
        "hashed_secret": "2cfca21270deaf784d520e28cb126eff5c988e12",
        "is_verified": false,
        "line_number": 117
      },
      {
        "type": "Secret Keyword",
        "filename": "scripts/enforce_naming_convention.py",
        "hashed_secret": "893514f22d846e9c952f7232d0e9dc9a584737ac",
        "is_verified": false,
        "line_number": 123
      },
      {
        "type": "Secret Keyword",
        "filename": "scripts/enforce_naming_convention.py",
        "hashed_secret": "8f7a6fd99f72e3f24cb8f7b95617d46be291d89e",
        "is_verified": false,
        "line_number": 127
      }
    ],
    "scripts/launch_self_healing_workflow.sh": [
      {
        "type": "Secret Keyword",
        "filename": "scripts/launch_self_healing_workflow.sh",
        "hashed_secret": "81a1fd4ce22802ebd8a2ec6453a01faf570fabbc",
        "is_verified": false,
        "line_number": 11
      },
      {
        "type": "Secret Keyword",
        "filename": "scripts/launch_self_healing_workflow.sh",
        "hashed_secret": "6a76246c5f334f07c573784483a196c523e6c786",
        "is_verified": false,
        "line_number": 12
      },
      {
        "type": "Base64 High Entropy String",
        "filename": "scripts/launch_self_healing_workflow.sh",
        "hashed_secret": "5bf966798afb7e5c42dee1d76b23ad0dc6cf4cae",
        "is_verified": false,
        "line_number": 13
      },
      {
        "type": "Secret Keyword",
        "filename": "scripts/launch_self_healing_workflow.sh",
        "hashed_secret": "5bf966798afb7e5c42dee1d76b23ad0dc6cf4cae",
        "is_verified": false,
        "line_number": 13
      },
      {
        "type": "Secret Keyword",
        "filename": "scripts/launch_self_healing_workflow.sh",
        "hashed_secret": "67c9b052d54bea4ee78440ee9a3feedcb52b2343",
        "is_verified": false,
        "line_number": 14
      }
    ],
    "scripts/mock_test_3_books.py": [
      {
        "type": "Secret Keyword",
        "filename": "scripts/mock_test_3_books.py",
        "hashed_secret": "6d9c68c603e465077bdd49c62347fe54717f83a3",
        "is_verified": false,
        "line_number": 221
      }
    ],
    "scripts/multi_model_book_analyzer.py": [
      {
        "type": "Secret Keyword",
        "filename": "scripts/multi_model_book_analyzer.py",
        "hashed_secret": "4835254aab9494e03d8b72e816719a4914612587",
        "is_verified": false,
        "line_number": 77
      },
      {
        "type": "Secret Keyword",
        "filename": "scripts/multi_model_book_analyzer.py",
        "hashed_secret": "f8ca0d7266886f4b5be9adddc9b66017b3bf1a4b",
        "is_verified": false,
        "line_number": 84
      }
    ],
    "synthesis/README.md": [
      {
        "type": "Secret Keyword",
        "filename": "synthesis/README.md",
        "hashed_secret": "6d9c68c603e465077bdd49c62347fe54717f83a3",
        "is_verified": false,
        "line_number": 223
      }
    ],
    "test_ollama_mcp.py": [
      {
        "type": "Secret Keyword",
        "filename": "test_ollama_mcp.py",
        "hashed_secret": "8ed4322e8e2790b8c928d381ce8d07cfd966e909",
        "is_verified": false,
        "line_number": 14
      }
    ],
    "tests/conftest.py": [
      {
        "type": "Secret Keyword",
        "filename": "tests/conftest.py",
        "hashed_secret": "de791138ba34046e1f5e94d65655daf3ced7eacd",
        "is_verified": false,
        "line_number": 21
      },
      {
        "type": "Secret Keyword",
        "filename": "tests/conftest.py",
        "hashed_secret": "cd55f76cc19db1f5ade150ee7bae3affabcf0a00",
        "is_verified": false,
        "line_number": 22
      },
      {
        "type": "Secret Keyword",
        "filename": "tests/conftest.py",
        "hashed_secret": "15402aafbae81a3008ac2fa858562af42241e80b",
        "is_verified": false,
        "line_number": 23
      },
      {
        "type": "Secret Keyword",
        "filename": "tests/conftest.py",
        "hashed_secret": "a708aa546849a3ea724869a28aa5865491e8badf",
        "is_verified": false,
        "line_number": 42
      },
      {
        "type": "Secret Keyword",
        "filename": "tests/conftest.py",
        "hashed_secret": "71643d5c681d38e5b4aced3cd3dfaac6628e9746",
        "is_verified": false,
        "line_number": 43
      },
      {
        "type": "Secret Keyword",
        "filename": "tests/conftest.py",
        "hashed_secret": "d25164ce92d08bc4271caa5985419888e2083b20",
        "is_verified": false,
        "line_number": 44
      }
    ],
    "tests/test_integration.py": [
      {
        "type": "Secret Keyword",
        "filename": "tests/test_integration.py",
        "hashed_secret": "00942f4668670f34c5943cf52c7ef3139fe2b8d6",
        "is_verified": false,
        "line_number": 216
      },
      {
        "type": "Secret Keyword",
        "filename": "tests/test_integration.py",
        "hashed_secret": "fe1bae27cb7c1fb823f496f286e78f1d2ae87734",
        "is_verified": false,
        "line_number": 225
      }
    ],
    "tests/test_secrets_manager.py": [
      {
        "type": "Secret Keyword",
        "filename": "tests/test_secrets_manager.py",
        "hashed_secret": "00942f4668670f34c5943cf52c7ef3139fe2b8d6",
        "is_verified": false,
        "line_number": 84
      },
      {
        "type": "Secret Keyword",
        "filename": "tests/test_secrets_manager.py",
        "hashed_secret": "9fb7fe1217aed442b04c0f5e43b5d5a7d3287097",
        "is_verified": false,
        "line_number": 114
      },
      {
        "type": "Secret Keyword",
        "filename": "tests/test_secrets_manager.py",
        "hashed_secret": "b93cdfdc09b37c1346426fd3645a8002abf48aeb",
        "is_verified": false,
        "line_number": 121
      }
    ],
    "tests/test_unified_secrets_manager.py": [
      {
        "type": "Secret Keyword",
        "filename": "tests/test_unified_secrets_manager.py",
        "hashed_secret": "de791138ba34046e1f5e94d65655daf3ced7eacd",
        "is_verified": false,
        "line_number": 44
      },
      {
        "type": "Secret Keyword",
        "filename": "tests/test_unified_secrets_manager.py",
        "hashed_secret": "cd55f76cc19db1f5ade150ee7bae3affabcf0a00",
        "is_verified": false,
        "line_number": 45
      },
      {
        "type": "Secret Keyword",
        "filename": "tests/test_unified_secrets_manager.py",
        "hashed_secret": "00942f4668670f34c5943cf52c7ef3139fe2b8d6",
        "is_verified": false,
        "line_number": 89
      },
      {
        "type": "Secret Keyword",
        "filename": "tests/test_unified_secrets_manager.py",
        "hashed_secret": "9fb7fe1217aed442b04c0f5e43b5d5a7d3287097",
        "is_verified": false,
        "line_number": 119
      },
      {
        "type": "Secret Keyword",
        "filename": "tests/test_unified_secrets_manager.py",
        "hashed_secret": "b93cdfdc09b37c1346426fd3645a8002abf48aeb",
        "is_verified": false,
        "line_number": 126
      },
      {
        "type": "Secret Keyword",
        "filename": "tests/test_unified_secrets_manager.py",
        "hashed_secret": "9d0094a8b8dd9adfa262119780ffa7abab634580",
        "is_verified": false,
        "line_number": 164
      }
    ],
    "workflows/recursive_book_analysis.yaml": [
      {
        "type": "Secret Keyword",
        "filename": "workflows/recursive_book_analysis.yaml",
        "hashed_secret": "1db4aba2bc9d400d5e75f5473ff811cd819a436d",
        "is_verified": false,
        "line_number": 90
      },
      {
        "type": "Secret Keyword",
        "filename": "workflows/recursive_book_analysis.yaml",
        "hashed_secret": "f8ca0d7266886f4b5be9adddc9b66017b3bf1a4b",
        "is_verified": false,
        "line_number": 98
      }
    ]
  },
  "generated_at": "2025-10-24T20:52:22Z"
}
